ΓÇó Packages in scope: @allied-impact/drivemaster
ΓÇó Running build in 1 packages
ΓÇó Remote caching disabled
@allied-impact/config:build: cache hit, replaying logs 50ef587b15c89ad7
@allied-impact/types:build: cache hit, replaying logs cda21dc545fcfa60
@allied-impact/types:build: 
@allied-impact/types:build: > @allied-impact/types@0.1.0 build C:\Users\iMpact SA\Desktop\projects\alliedimpact\packages\types
@allied-impact/types:build: > tsc
@allied-impact/types:build: 
@allied-impact/config:build: 
@allied-impact/config:build: > @allied-impact/config@0.1.0 build C:\Users\iMpact SA\Desktop\projects\alliedimpact\packages\config
@allied-impact/config:build: > tsc
@allied-impact/config:build: 
@allied-impact/ui:build: cache hit, replaying logs c984b70bcbcd3171
@allied-impact/ui:build: 
@allied-impact/ui:build: > @allied-impact/ui@0.1.0 build C:\Users\iMpact SA\Desktop\projects\alliedimpact\packages\ui
@allied-impact/ui:build: > tsc
@allied-impact/ui:build: 
@allied-impact/utils:build: cache hit, replaying logs 97eb77262eaf497a
@allied-impact/auth:build: cache hit, replaying logs 3d3f5d605bcc21b1
@allied-impact/auth:build: 
@allied-impact/auth:build: > @allied-impact/auth@0.1.0 build C:\Users\iMpact SA\Desktop\projects\alliedimpact\platform\auth
@allied-impact/auth:build: > tsc
@allied-impact/auth:build: 
@allied-impact/utils:build: 
@allied-impact/utils:build: > @allied-impact/utils@0.1.0 build C:\Users\iMpact SA\Desktop\projects\alliedimpact\packages\utils
@allied-impact/utils:build: > tsc
@allied-impact/utils:build: 
@allied-impact/entitlements:build: cache hit, replaying logs fdc608392ffd6a64
@allied-impact/entitlements:build: 
@allied-impact/entitlements:build: > @allied-impact/entitlements@0.1.0 build C:\Users\iMpact SA\Desktop\projects\alliedimpact\platform\entitlements
@allied-impact/entitlements:build: > tsc
@allied-impact/entitlements:build: 
@allied-impact/billing:build: cache hit, replaying logs 2c12ada1292310cb
@allied-impact/billing:build: 
@allied-impact/billing:build: > @allied-impact/billing@0.1.0 build C:\Users\iMpact SA\Desktop\projects\alliedimpact\platform\billing
@allied-impact/billing:build: > tsc
@allied-impact/billing:build: 
@allied-impact/drivemaster:build: cache miss, executing 6c21c1c7750c92af
@allied-impact/drivemaster:build: 
@allied-impact/drivemaster:build: > @allied-impact/drivemaster@0.1.0 build C:\Users\iMpact SA\Desktop\projects\alliedimpact\apps\drivemaster
@allied-impact/drivemaster:build: > next build
@allied-impact/drivemaster:build: 
@allied-impact/drivemaster:build:   Γû▓ Next.js 14.2.35
@allied-impact/drivemaster:build:   - Environments: .env.local
@allied-impact/drivemaster:build: 
@allied-impact/drivemaster:build:    Creating an optimized production build ...
@allied-impact/drivemaster:build:  Γ£ô Compiled successfully
@allied-impact/drivemaster:build:    Linting and checking validity of types ...
@allied-impact/drivemaster:build: Failed to compile.
@allied-impact/drivemaster:build: 
@allied-impact/drivemaster:build: ./src/lib/hooks/useKeyboardShortcuts.tsx:120:50
@allied-impact/drivemaster:build: Type error: '=>' expected.
@allied-impact/drivemaster:build: 
@allied-impact/drivemaster:build: [0m [90m 118 |[39m [36mexport[39m [36mfunction[39m useGlobalShortcuts() {[0m
@allied-impact/drivemaster:build: [0m [90m 119 |[39m   useEffect(() [33m=>[39m {[0m
@allied-impact/drivemaster:build: [0m[31m[1m>[22m[39m[90m 120 |[39m     [36mconst[39m handleKeyDown [33m=[39m (event[33m:[39m [33mKeyboardEvent[39m) {[0m
@allied-impact/drivemaster:build: [0m [90m     |[39m                                                  [31m[1m^[22m[39m[0m
@allied-impact/drivemaster:build: [0m [90m 121 |[39m       [90m// Ctrl/Cmd + K for search (common pattern)[39m[0m
@allied-impact/drivemaster:build: [0m [90m 122 |[39m       [36mif[39m ((event[33m.[39mctrlKey [33m||[39m event[33m.[39mmetaKey) [33m&&[39m event[33m.[39mkey [33m===[39m [32m'k'[39m) {[0m
@allied-impact/drivemaster:build: [0m [90m 123 |[39m         event[33m.[39mpreventDefault()[33m;[39m[0m
@allied-impact/drivemaster:build: Next.js build worker exited with code: 1 and signal: null
@allied-impact/drivemaster:build: ΓÇëELIFECYCLEΓÇë Command failed with exit code 1.
node.exe : @allied-impact/drivemaster:build: ERROR: command finished with 
error: command (C:\Users\iMpact 
SA\Desktop\projects\alliedimpact\apps\drivemaster) C:\Users\iMpact 
SA\AppData\Local\pnpm\.tools\pnpm\10.32.1\bin\pnpm.CMD run build exited (1)
At C:\Users\iMpact SA\AppData\Roaming\npm\pnpm.ps1:24 char:5
+     & "node$exe"  "$basedir/node_modules/pnpm/bin/pnpm.cjs" $args
+     ~~~~~~~~~~~~~~~~~~~~~~~~~~~~~~~~~~~~~~~~~~~~~~~~~~~~~~~~~~~~~
    + CategoryInfo          : NotSpecified: (@allied-impact/...uild exited 
    (1):String) [], RemoteException
    + FullyQualifiedErrorId : NativeCommandError
 
@allied-impact/drivemaster#build: command (C:\Users\iMpact 
SA\Desktop\projects\alliedimpact\apps\drivemaster) C:\Users\iMpact 
SA\AppData\Local\pnpm\.tools\pnpm\10.32.1\bin\pnpm.CMD run build exited (1)

 Tasks:    7 successful, 8 total
Cached:    7 cached, 8 total
  Time:    15m59.368s 
Failed:    @allied-impact/drivemaster#build

 ERROR  run failed: command  exited (1)
